============================= test session starts =============================
platform win32 -- Python 3.14.2, pytest-9.0.2, pluggy-1.6.0 -- C:\Users\lumek\Projects\CLP_Calculator\venv\Scripts\python.exe
cachedir: .pytest_cache
rootdir: C:\Users\lumek\Projects\CLP_Calculator
configfile: pytest.ini
plugins: cov-7.0.0, flask-1.3.0
collecting ... collected 9 items

tests/unit/test_acute_toxicity.py::test_acute_tox_4_dermal_classification PASSED [ 11%]
tests/unit/test_acute_toxicity.py::test_acute_tox_3_dermal_classification PASSED [ 22%]
tests/unit/test_acute_toxicity.py::test_acute_tox_4_dermal_below_limit PASSED [ 33%]
tests/unit/test_acute_toxicity.py::test_acute_tox_4_dermal_with_scl PASSED [ 44%]
tests/unit/test_acute_toxicity.py::test_acute_tox_4_oral_classification PASSED [ 55%]
tests/unit/test_acute_toxicity.py::test_acute_tox_3_oral_classification PASSED [ 66%]
tests/unit/test_acute_toxicity.py::test_acute_tox_4_inhalation_classification PASSED [ 77%]
tests/unit/test_acute_toxicity.py::test_acute_tox_3_inhalation_classification PASSED [ 88%]
.\\venv\\Scripts\\python.exe : C:\Users\lumek\P
rojects\CLP_Calculator\venv\Lib\site-packages\_
pytest\unraisableexception.py:33: ResourceWarni
ng: unclosed database in <sqlite3.Connection ob
ject at 0x000002775C365A80>
At line:1 char:1
+ .\\venv\\Scripts\\python.exe -m pytest tests/
unit/test_acute_toxicity ...
+ ~~~~~~~~~~~~~~~~~~~~~~~~~~~~~~~~~~~~~~~~~~~~~
~~~~~~~~~~~~~~~~~~~~~~~~
    + CategoryInfo          : NotSpecified: (C 
   :\Users\lumek\...0002775C365A80>:String) [  
  ], RemoteException
    + FullyQualifiedErrorId : NativeCommandErr 
   or
 
  gc.collect()
ResourceWarning: Enable tracemalloc to get the 
object allocation traceback
C:\Users\lumek\Projects\CLP_Calculator\venv\Lib
\site-packages\_pytest\unraisableexception.py:3
3: ResourceWarning: unclosed database in <sqlit
e3.Connection object at 0x000002775C4C54E0>
  gc.collect()
ResourceWarning: Enable tracemalloc to get the 
object allocation traceback
C:\Users\lumek\Projects\CLP_Calculator\venv\Lib
\site-packages\_pytest\unraisableexception.py:3
3: ResourceWarning: unclosed database in <sqlit
e3.Connection object at 0x000002775C4C5030>
  gc.collect()
ResourceWarning: Enable tracemalloc to get the 
object allocation traceback
C:\Users\lumek\Projects\CLP_Calculator\venv\Lib
\site-packages\_pytest\unraisableexception.py:3
3: ResourceWarning: unclosed database in <sqlit
e3.Connection object at 0x000002775C4C66B0>
  gc.collect()
ResourceWarning: Enable tracemalloc to get the 
object allocation traceback
C:\Users\lumek\Projects\CLP_Calculator\venv\Lib
\site-packages\_pytest\unraisableexception.py:3
3: ResourceWarning: unclosed database in <sqlit
e3.Connection object at 0x000002775C4C7D30>
  gc.collect()
ResourceWarning: Enable tracemalloc to get the 
object allocation traceback
C:\Users\lumek\Projects\CLP_Calculator\venv\Lib
\site-packages\_pytest\unraisableexception.py:3
3: ResourceWarning: unclosed database in <sqlit
e3.Connection object at 0x000002775C728130>
  gc.collect()
ResourceWarning: Enable tracemalloc to get the 
object allocation traceback
C:\Users\lumek\Projects\CLP_Calculator\venv\Lib
\site-packages\_pytest\unraisableexception.py:3
3: ResourceWarning: unclosed database in <sqlit
e3.Connection object at 0x000002775C728A90>
  gc.collect()
ResourceWarning: Enable tracemalloc to get the 
object allocation traceback
C:\Users\lumek\Projects\CLP_Calculator\venv\Lib
\site-packages\_pytest\unraisableexception.py:3
3: ResourceWarning: unclosed database in <sqlit
e3.Connection object at 0x000002775C729B70>
  gc.collect()
ResourceWarning: Enable tracemalloc to get the 
object allocation traceback
tests/unit/test_acute_toxicity.py::test_acute_tox_multiple_routes PASSED [100%]

============================== warnings summary ===============================
tests/unit/test_acute_toxicity.py: 135 warnings
  C:\Users\lumek\Projects\CLP_Calculator\app\services\audit_service.py:42: DeprecationWarning: datetime.datetime.utcnow() is deprecated and scheduled for removal in a future version. Use timezone-aware objects to represent datetimes in UTC: datetime.datetime.now(datetime.UTC).
    timestamp=datetime.utcnow()

tests/unit/test_acute_toxicity.py::test_acute_tox_4_dermal_classification
  C:\Users\lumek\Projects\CLP_Calculator\tests\unit\test_acute_toxicity.py:40: LegacyAPIWarning: The Query.get() method is considered legacy as of the 1.x series of SQLAlchemy and becomes a legacy construct in 2.0. The method is now available as Session.get() (deprecated since: 2.0) (Background on SQLAlchemy 2.0 at: https://sqlalche.me/e/b8d9)
    retrieved_mix = Mixture.query.get(mix.id)

tests/unit/test_acute_toxicity.py::test_acute_tox_3_dermal_classification
  C:\Users\lumek\Projects\CLP_Calculator\tests\unit\test_acute_toxicity.py:73: LegacyAPIWarning: The Query.get() method is considered legacy as of the 1.x series of SQLAlchemy and becomes a legacy construct in 2.0. The method is now available as Session.get() (deprecated since: 2.0) (Background on SQLAlchemy 2.0 at: https://sqlalche.me/e/b8d9)
    retrieved_mix = Mixture.query.get(mix.id)

tests/unit/test_acute_toxicity.py::test_acute_tox_4_dermal_below_limit
  C:\Users\lumek\Projects\CLP_Calculator\tests\unit\test_acute_toxicity.py:106: LegacyAPIWarning: The Query.get() method is considered legacy as of the 1.x series of SQLAlchemy and becomes a legacy construct in 2.0. The method is now available as Session.get() (deprecated since: 2.0) (Background on SQLAlchemy 2.0 at: https://sqlalche.me/e/b8d9)
    retrieved_mix = Mixture.query.get(mix.id)

tests/unit/test_acute_toxicity.py::test_acute_tox_4_dermal_with_scl
  C:\Users\lumek\Projects\CLP_Calculator\tests\unit\test_acute_toxicity.py:138: LegacyAPIWarning: The Query.get() method is considered legacy as of the 1.x series of SQLAlchemy and becomes a legacy construct in 2.0. The method is now available as Session.get() (deprecated since: 2.0) (Background on SQLAlchemy 2.0 at: https://sqlalche.me/e/b8d9)
    retrieved_mix = Mixture.query.get(mix.id)

tests/unit/test_acute_toxicity.py::test_acute_tox_4_oral_classification
  C:\Users\lumek\Projects\CLP_Calculator\tests\unit\test_acute_toxicity.py:171: LegacyAPIWarning: The Query.get() method is considered legacy as of the 1.x series of SQLAlchemy and becomes a legacy construct in 2.0. The method is now available as Session.get() (deprecated since: 2.0) (Background on SQLAlchemy 2.0 at: https://sqlalche.me/e/b8d9)
    retrieved_mix = Mixture.query.get(mix.id)

tests/unit/test_acute_toxicity.py::test_acute_tox_3_oral_classification
  C:\Users\lumek\Projects\CLP_Calculator\tests\unit\test_acute_toxicity.py:204: LegacyAPIWarning: The Query.get() method is considered legacy as of the 1.x series of SQLAlchemy and becomes a legacy construct in 2.0. The method is now available as Session.get() (deprecated since: 2.0) (Background on SQLAlchemy 2.0 at: https://sqlalche.me/e/b8d9)
    retrieved_mix = Mixture.query.get(mix.id)

tests/unit/test_acute_toxicity.py::test_acute_tox_4_inhalation_classification
  C:\Users\lumek\Projects\CLP_Calculator\tests\unit\test_acute_toxicity.py:237: LegacyAPIWarning: The Query.get() method is considered legacy as of the 1.x series of SQLAlchemy and becomes a legacy construct in 2.0. The method is now available as Session.get() (deprecated since: 2.0) (Background on SQLAlchemy 2.0 at: https://sqlalche.me/e/b8d9)
    retrieved_mix = Mixture.query.get(mix.id)

tests/unit/test_acute_toxicity.py::test_acute_tox_3_inhalation_classification
  C:\Users\lumek\Projects\CLP_Calculator\tests\unit\test_acute_toxicity.py:270: LegacyAPIWarning: The Query.get() method is considered legacy as of the 1.x series of SQLAlchemy and becomes a legacy construct in 2.0. The method is now available as Session.get() (deprecated since: 2.0) (Background on SQLAlchemy 2.0 at: https://sqlalche.me/e/b8d9)
    retrieved_mix = Mixture.query.get(mix.id)

tests/unit/test_acute_toxicity.py::test_acute_tox_multiple_routes
  C:\Users\lumek\Projects\CLP_Calculator\tests\unit\test_acute_toxicity.py:304: LegacyAPIWarning: The Query.get() method is considered legacy as of the 1.x series of SQLAlchemy and becomes a legacy construct in 2.0. The method is now available as Session.get() (deprecated since: 2.0) (Background on SQLAlchemy 2.0 at: https://sqlalche.me/e/b8d9)
    retrieved_mix = Mixture.query.get(mix.id)

-- Docs: https://docs.pytest.org/en/stable/how-to/capture-warnings.html
=============================== tests coverage ================================
_______________ coverage: platform win32, python 3.14.2-final-0 _______________

Name                             Stmts   Miss  Cover   Missing
--------------------------------------------------------------
app\__init__.py                     40      3    92%   34, 52, 56
app\config.py                       21      5    76%   13-20
app\constants\clp.py                11      0   100%
app\extensions.py                   10      0   100%
app\forms\__init__.py                0      0   100%
app\forms\admin.py                  13      3    77%   22-24
app\forms\auth.py                    7      0   100%
app\forms\mixture.py                 5      0   100%
app\forms\substance.py              27      3    89%   8-10
app\models\__init__.py               6      0   100%
app\models\audit.py                 14      1    93%   18
app\models\component.py             18      2    89%   26, 32
app\models\mixture.py               18      1    94%   36
app\models\role.py                   8      1    88%   11
app\models\substance.py             43      7    84%   69-71, 81-83, 86
app\models\user.py                  29      9    69%   18, 21-23, 26, 29, 32, 37, 41
app\routes\admin.py                 59     34    42%   16-29, 35-36, 42-52, 58-72
app\routes\auth.py                  29     17    41%   13-31, 37-39
app\routes\data.py                 122     87    29%   29, 36-46, 58-102, 110-150, 158-170, 178-189
app\routes\mixtures.py             124     96    23%   17-28, 41-89, 102-130, 145-187, 201-205
app\routes\substances.py           131    105    20%   18-31, 44-103, 120-208, 226-233
app\services\audit_service.py       67     15    78%   24, 29-31, 46-53, 70, 92-93, 102-103, 108-111
app\services\clp\__init__.py         6      0   100%
app\services\clp\ate.py             86      2    98%   29, 31
app\services\clp\engine.py          69     17    75%   15, 72, 78, 118-120, 126-128, 136-138, 150-151, 169-172
app\services\clp\env.py            124     82    34%   37-100, 104, 107-109, 116-118, 127-129, 139-142, 152-154, 165-167, 175-177, 180-181, 184
app\services\clp\euh.py             43      9    79%   22-28, 31-33
app\services\clp\health.py         221     81    63%   73, 75, 77, 79, 81, 83, 121, 142, 149-152, 162-163, 167, 170-173, 181-184, 186-189, 191, 196, 205, 214, 224, 234-240, 250-255, 268-273, 283-288, 328-336, 374-381, 411-412, 428-429, 432, 434, 438-439
app\services\clp\scl.py            100     36    64%   19, 50-52, 67-79, 92, 111, 138-153, 160-169, 180, 182, 184, 186
app\services\clp\utils.py           15     12    20%   6-11, 18-23
app\services\csv_parser.py         103     91    12%   24-29, 43-49, 62-69, 82-86, 99-105, 118-124, 140-186, 201-265
app\services\export_service.py      25     19    24%   23-86, 96-178
app\services\import_service.py      42     34    19%   32-95
app\services\validation.py          79     66    16%   19-22, 25, 89-140, 153-193, 207-214, 228-247
app\utils\security.py               18      5    72%   12-18
--------------------------------------------------------------
TOTAL                             1733    843    51%
======================= 9 passed, 144 warnings in 0.79s =======================
