============================= test session starts =============================
platform win32 -- Python 3.14.2, pytest-9.0.2, pluggy-1.6.0 -- C:\Users\lumek\Projects\CLP_Calculator\venv\Scripts\python.exe
cachedir: .pytest_cache
rootdir: C:\Users\lumek\Projects\CLP_Calculator
configfile: pytest.ini
plugins: cov-7.0.0, flask-1.3.0
collecting ... collected 4 items

tests/integration/test_full_classification.py::test_substance_creation_and_validation ERROR [ 25%]
tests/integration/test_full_classification.py::test_full_mixture_classification_workflow ERROR [ 50%]
tests/integration/test_full_classification.py::test_invalid_concentration_validation ERROR [ 75%]
tests/integration/test_full_classification.py::test_unauthenticated_access ERROR [100%]

=================================== ERRORS ====================================
__________ ERROR at setup of test_substance_creation_and_validation ___________

request = <SubRequest '_configure_application' for <Function test_substance_creation_and_validation>>
monkeypatch = <_pytest.monkeypatch.MonkeyPatch object at 0x0000029B93DC4050>

    @pytest.fixture(autouse=True)
    def _configure_application(request, monkeypatch):
        """Use `pytest.mark.options` decorator to pass options to your application
        factory::
    
            @pytest.mark.options(debug=False)
            def test_something(app):
                assert not app.debug, 'the application works not in debug mode!'
    
        """
        if "app" not in request.fixturenames:
            return
    
>       app = getfixturevalue(request, "app")
              ^^^^^^^^^^^^^^^^^^^^^^^^^^^^^^^

venv\Lib\site-packages\pytest_flask\plugin.py:124: 
_ _ _ _ _ _ _ _ _ _ _ _ _ _ _ _ _ _ _ _ _ _ _ _ _ _ _ _ _ _ _ _ _ _ _ _ _ _ _ _
venv\Lib\site-packages\pytest_flask\pytest_compat.py:3: in getfixturevalue
    return request.getfixturevalue(value)
           ^^^^^^^^^^^^^^^^^^^^^^^^^^^^^^
_ _ _ _ _ _ _ _ _ _ _ _ _ _ _ _ _ _ _ _ _ _ _ _ _ _ _ _ _ _ _ _ _ _ _ _ _ _ _ _

    @pytest.fixture
    def app():
        # Pou×ijeme in-memory SQLite pro testy
        # MusÝme p°edat konfiguraci p°Ýmo do create_app, aby se engine vytvo°il sprßvný
        test_config = {
            "TESTING": True,
            "SQLALCHEMY_DATABASE_URI": "sqlite:///:memory:",
            "WTF_CSRF_ENABLED": False,
            "SECRET_KEY": "test-key",
        }
    
>       class TestConfig(Config):
                         ^^^^^^
E       NameError: name 'Config' is not defined

tests\conftest.py:18: NameError
_________ ERROR at setup of test_full_mixture_classification_workflow _________

request = <SubRequest '_configure_application' for <Function test_full_mixture_classification_workflow>>
monkeypatch = <_pytest.monkeypatch.MonkeyPatch object at 0x0000029B93DC43E0>

    @pytest.fixture(autouse=True)
    def _configure_application(request, monkeypatch):
        """Use `pytest.mark.options` decorator to pass options to your application
        factory::
    
            @pytest.mark.options(debug=False)
            def test_something(app):
                assert not app.debug, 'the application works not in debug mode!'
    
        """
        if "app" not in request.fixturenames:
            return
    
>       app = getfixturevalue(request, "app")
              ^^^^^^^^^^^^^^^^^^^^^^^^^^^^^^^

venv\Lib\site-packages\pytest_flask\plugin.py:124: 
_ _ _ _ _ _ _ _ _ _ _ _ _ _ _ _ _ _ _ _ _ _ _ _ _ _ _ _ _ _ _ _ _ _ _ _ _ _ _ _
venv\Lib\site-packages\pytest_flask\pytest_compat.py:3: in getfixturevalue
    return request.getfixturevalue(value)
           ^^^^^^^^^^^^^^^^^^^^^^^^^^^^^^
_ _ _ _ _ _ _ _ _ _ _ _ _ _ _ _ _ _ _ _ _ _ _ _ _ _ _ _ _ _ _ _ _ _ _ _ _ _ _ _

    @pytest.fixture
    def app():
        # Pou×ijeme in-memory SQLite pro testy
        # MusÝme p°edat konfiguraci p°Ýmo do create_app, aby se engine vytvo°il sprßvný
        test_config = {
            "TESTING": True,
            "SQLALCHEMY_DATABASE_URI": "sqlite:///:memory:",
            "WTF_CSRF_ENABLED": False,
            "SECRET_KEY": "test-key",
        }
    
>       class TestConfig(Config):
                         ^^^^^^
E       NameError: name 'Config' is not defined

tests\conftest.py:18: NameError
___________ ERROR at setup of test_invalid_concentration_validation ___________

request = <SubRequest '_configure_application' for <Function test_invalid_concentration_validation>>
monkeypatch = <_pytest.monkeypatch.MonkeyPatch object at 0x0000029B93D16690>

    @pytest.fixture(autouse=True)
    def _configure_application(request, monkeypatch):
        """Use `pytest.mark.options` decorator to pass options to your application
        factory::
    
            @pytest.mark.options(debug=False)
            def test_something(app):
                assert not app.debug, 'the application works not in debug mode!'
    
        """
        if "app" not in request.fixturenames:
            return
    
>       app = getfixturevalue(request, "app")
              ^^^^^^^^^^^^^^^^^^^^^^^^^^^^^^^

venv\Lib\site-packages\pytest_flask\plugin.py:124: 
_ _ _ _ _ _ _ _ _ _ _ _ _ _ _ _ _ _ _ _ _ _ _ _ _ _ _ _ _ _ _ _ _ _ _ _ _ _ _ _
venv\Lib\site-packages\pytest_flask\pytest_compat.py:3: in getfixturevalue
    return request.getfixturevalue(value)
           ^^^^^^^^^^^^^^^^^^^^^^^^^^^^^^
_ _ _ _ _ _ _ _ _ _ _ _ _ _ _ _ _ _ _ _ _ _ _ _ _ _ _ _ _ _ _ _ _ _ _ _ _ _ _ _

    @pytest.fixture
    def app():
        # Pou×ijeme in-memory SQLite pro testy
        # MusÝme p°edat konfiguraci p°Ýmo do create_app, aby se engine vytvo°il sprßvný
        test_config = {
            "TESTING": True,
            "SQLALCHEMY_DATABASE_URI": "sqlite:///:memory:",
            "WTF_CSRF_ENABLED": False,
            "SECRET_KEY": "test-key",
        }
    
>       class TestConfig(Config):
                         ^^^^^^
E       NameError: name 'Config' is not defined

tests\conftest.py:18: NameError
________________ ERROR at setup of test_unauthenticated_access ________________

request = <SubRequest '_configure_application' for <Function test_unauthenticated_access>>
monkeypatch = <_pytest.monkeypatch.MonkeyPatch object at 0x0000029B93DE49E0>

    @pytest.fixture(autouse=True)
    def _configure_application(request, monkeypatch):
        """Use `pytest.mark.options` decorator to pass options to your application
        factory::
    
            @pytest.mark.options(debug=False)
            def test_something(app):
                assert not app.debug, 'the application works not in debug mode!'
    
        """
        if "app" not in request.fixturenames:
            return
    
>       app = getfixturevalue(request, "app")
              ^^^^^^^^^^^^^^^^^^^^^^^^^^^^^^^

venv\Lib\site-packages\pytest_flask\plugin.py:124: 
_ _ _ _ _ _ _ _ _ _ _ _ _ _ _ _ _ _ _ _ _ _ _ _ _ _ _ _ _ _ _ _ _ _ _ _ _ _ _ _
venv\Lib\site-packages\pytest_flask\pytest_compat.py:3: in getfixturevalue
    return request.getfixturevalue(value)
           ^^^^^^^^^^^^^^^^^^^^^^^^^^^^^^
_ _ _ _ _ _ _ _ _ _ _ _ _ _ _ _ _ _ _ _ _ _ _ _ _ _ _ _ _ _ _ _ _ _ _ _ _ _ _ _

    @pytest.fixture
    def app():
        # Pou×ijeme in-memory SQLite pro testy
        # MusÝme p°edat konfiguraci p°Ýmo do create_app, aby se engine vytvo°il sprßvný
        test_config = {
            "TESTING": True,
            "SQLALCHEMY_DATABASE_URI": "sqlite:///:memory:",
            "WTF_CSRF_ENABLED": False,
            "SECRET_KEY": "test-key",
        }
    
>       class TestConfig(Config):
                         ^^^^^^
E       NameError: name 'Config' is not defined

tests\conftest.py:18: NameError
=============================== tests coverage ================================
_______________ coverage: platform win32, python 3.14.2-final-0 _______________

Name                      Stmts   Miss  Cover   Missing
-------------------------------------------------------
app\__init__.py              35     31    11%   7-51
app\config.py                21      5    76%   13-20
app\extensions.py            10      0   100%
app\forms\__init__.py         0      0   100%
app\forms\auth.py             7      7     0%   1-9
app\forms\mixture.py          5      5     0%   1-7
app\forms\substance.py       17     17     0%   1-40
app\models\__init__.py        4      0   100%
app\models\component.py      18      4    78%   25-29, 32
app\models\mixture.py        18      1    94%   36
app\models\substance.py      35      7    80%   59-61, 71-73, 76
app\models\user.py           15      3    80%   15, 18, 21
-------------------------------------------------------
TOTAL                       185     80    57%
=========================== short test summary info ===========================
ERROR tests/integration/test_full_classification.py::test_substance_creation_and_validation - NameError: name 'Config' is not defined
ERROR tests/integration/test_full_classification.py::test_full_mixture_classification_workflow - NameError: name 'Config' is not defined
ERROR tests/integration/test_full_classification.py::test_invalid_concentration_validation - NameError: name 'Config' is not defined
ERROR tests/integration/test_full_classification.py::test_unauthenticated_access - NameError: name 'Config' is not defined
============================== 4 errors in 0.29s ==============================
